(ARCTools Version 2.1.2)
 HexLoc     DecLoc    MachWord   Label        Instruction                Comment
00000000  0000000000  c20020a8                ld [168], %r1              
00000004  0000000004  9c03bffc                add %r14, -4, %r14         
00000008  0000000008  c2238000                st %r1, %r14               
0000000c  0000000012  82002002                add %r0, 2, %r1            
00000010  0000000016  90002001                add %r0, 1, %r8            
00000014  0000000020  ca038000  sqrt:         ld %r14, %r5               
                                                                         
00000018  0000000024  9c03a004                add %r14, 4, %r14          
0000001c  0000000028  80a14002  start:        subcc %r5, %r2, %r0        
                                                                         
00000020  0000000032  9c03bffc                add %r14, -4, %r14         
                                                                         
00000024  0000000036  c4238000                st %r2, %r14               
00000028  0000000040  0c80000b                bneg 11                    
                                                                         
0000002c  0000000044  0280001c                be 28                      
                                                                         
00000030  0000000048  90822001                addcc %r8, 1, %r8          
                                                                         
00000034  0000000052  82022000                add %r8, 0, %r1            
                                                                         
00000038  0000000056  82007fff                add %r1, -1, %r1           
                                                                         
0000003c  0000000060  84022000                add %r8, 0, %r2            
                                                                         
00000040  0000000064  80884001  multiply:     andcc %r1, %r1, %r0        
                                                                         
00000044  0000000068  02bffff6                be -10                     
                                                                         
00000048  0000000072  84820002                addcc %r8, %r2, %r2        
                                                                         
0000004c  0000000076  82007fff                add %r1, -1, %r1           
                                                                         
00000050  0000000080  10bffffc                ba -4                      
00000054  0000000084  98022000  endneg:       add %r8, 0, %r12           
00000058  0000000088  90023fff                add %r8, -1, %r8           
0000005c  0000000092  f4038000                ld %r14, %r26              
                                                                         
00000060  0000000096  9c03a004                add %r14, 4, %r14          
                                                                         
00000064  0000000100  f6038000                ld %r14, %r27              
                                                                         
00000068  0000000104  9c03a004                add %r14, 4, %r14          
                                                                         
0000006c  0000000108  b8a68005                subcc %r26, %r5, %r28      
                                                                         
00000070  0000000112  baa1401b                subcc %r5, %r27, %r29      
                                                                         
00000074  0000000116  80a7001d                subcc %r28, %r29, %r0      
                                                                         
00000078  0000000120  0c800005                bneg 5                     
                                                                         
0000007c  0000000124  1c800001                bpos 1                     
00000080  0000000128  d02037a0  two:          st %r8, [-2144]            
00000084  0000000132  86022000                add %r8, 0, %r3            
                                                                         
00000088  0000000136  ffffffff                halt                       
                                                                         
0000008c  0000000140  90030000  one:          add %r12, %r0, %r8         
                                                                         
00000090  0000000144  d02037a0                st %r8, [-2144]            
00000094  0000000148  86022000                add %r8, 0, %r3            
                                                                         
00000098  0000000152  ffffffff                halt                       
                                                                         
0000009c  0000000156  d02037a0  end:          st %r8, [-2144]            
                                                                         
000000a0  0000000160  86022000                add %r8, 0, %r3            
                                                                         
000000a4  0000000164  ffffffff                halt                       
                                                                         
000000a8  0000000168  00000040  a:                                       
                                                                         

--- Symbol Table ---
a: 168
end: 156
multiply: 64
two: 128
one: 140
endneg: 84
sqrt: 20
start: 28
